// Jest Snapshot v1, https://goo.gl/fbAQLP

exports[`should render Header correctly 1`] = `
<header>
  <h1>
    Expensify Header
  </h1>
  <Connect(ExpenseSummary) />
  <div
    className="menu"
  >
    Menu on the right
  </div>
  <div>
    <NavLink
      activeClassName="is-active"
      ariaCurrent="true"
      exact={true}
      to="/"
    >
      Dash
    </NavLink>
    <NavLink
      activeClassName="is-active"
      ariaCurrent="true"
      to="/create"
    >
      Create
    </NavLink>
  </div>
</header>
`;
