// Jest Snapshot v1, https://goo.gl/fbAQLP

exports[`should render LoginPage correctly 1`] = `
<div>
  <p>
     Login here
  </p>
  <button>
    Log In
  </button>
</div>
`;
